EXECUTED_PROGRAM

ret > ExitSuccess
out > It works!
out >
