(agda2-status-action "")
(agda2-info-action "*Type-checking*" "" nil)
(agda2-highlight-clear)
(agda2-status-action "")
(agda2-info-action "*All Goals*" "?0 : B (T.s (λ { .T.s .S.a → x ; .T.b → id ?0 })) ?1 : Set ?2 : B (T.a (λ { .T.a → x ; .T.b → id (B (T.a .extendedlambda0)) ?2 })) " nil)
((last . 1) . (agda2-goals-action '(0 1 2)))
