(agda2-status-action "")
(agda2-info-action "*Type-checking*" "" nil)
(agda2-highlight-clear)
(agda2-status-action "")
(agda2-info-action "*All Goals*" "?0 : zero < proj₁ ex' ?1 : zero < proj₁ ex''' " nil)
((last . 1) . (agda2-goals-action '(0 1)))
(agda2-status-action "")
(agda2-info-action "*Current Goal*" "1 ≤ 1" nil)
(agda2-status-action "")
(agda2-info-action "*Current Goal*" "1 ≤ 1" nil)
