(agda2-status-action "")
(agda2-info-action "*Type-checking*" "" nil)
(agda2-highlight-clear)
(agda2-status-action "Checked,ShowImplicit")
(agda2-info-action "*All Done*" "" nil)
((last . 1) . (agda2-goals-action '()))
(agda2-status-action "Checked,ShowImplicit")
(agda2-info-action "*Inferred Type*" "Foo {Set}" nil)
(agda2-status-action "")
(agda2-info-action "*Type-checking*" "" nil)
(agda2-highlight-clear)
(agda2-status-action "Checked,ShowImplicit")
(agda2-info-action "*All Done*" "" nil)
((last . 1) . (agda2-goals-action '()))
(agda2-status-action "Checked,ShowImplicit")
(agda2-info-action "*Inferred Type*" "Foo {Set}" nil)
