EXECUTED_PROGRAM

ret > ExitSuccess
out > 012235810101520
