COMPILE_FAILED

ret > ExitFailure 42
out > Compilation of code that uses --cubical is not supported.
out >
