COMPILE_SUCCEEDED

ret > ExitSuccess
out > No main function defined in ExportAndUse. Use --no-main to suppress
out > this warning.
out >
