EXECUTED_PROGRAM

ret > ExitSuccess
out > This is a dummy main routine.
out >
