EXECUTED_PROGRAM

ret > ExitSuccess
out > Success
out >
