EXECUTED_PROGRAM

ret > ExitSuccess
out > 7
out >
