EXECUTED_PROGRAM

ret > ExitSuccess
out > 12345
out >
