EXECUTED_PROGRAM

ret > ExitSuccess
out > 5
out >
