EXECUTED_PROGRAM

ret > ExitSuccess
out > Just 12
out >
