EXECUTED_PROGRAM

ret > ExitSuccess
out > 1.23abcd123
out >
