EXECUTED_PROGRAM

ret > ExitSuccess
out > hoi
out > hoi
out >
err > Eval
err >
